
> build
> vite build

[36mvite v7.3.1 [32mbuilding client environment for production...[36m[39m
transforming...
[32mΓ£ô[39m 1 modules transformed.
node.exe : [31mΓ£ù[39m 
Build failed in 49ms
At line:1 char:1
+ & "C:\Program 
Files\nodejs/node.exe" 
"C:\Program 
Files\nodejs/node_mo ...
+ ~~~~~~~~~~~~~~~~~~~~~~~~
~~~~~~~~~~~~~~~~~~~~~~~~~~
~~~~~~~~~~~~~~~~~~~
    + CategoryInfo        
      : NotSpecified: (  
  [31mΓ£ù[39m Build fa   
 iled in 49ms:String)     
[], RemoteException
    + FullyQualifiedError 
   Id : NativeCommandErr  
  or
 
[31merror during build:
[31m[vite]: Rollup 
failed to resolve import 
"jquery" from 
"C:/Users/ANEETA PETER/Doc
uments/study/laravel1/mant
ra(php)/resources/js/app.j
s".
This is most likely 
unintended because it can 
break your application at 
runtime.
If you do want to 
externalize this module 
explicitly add it to
`build.rollupOptions.exter
nal`[31m
    at viteLog (file:///C:
/Users/ANEETA%20PETER/Docu
ments/study/laravel1/mantr
a(php)/node_modules/vite/d
ist/node/chunks/config.js:
33635:57)
    at onRollupLog (file:/
//C:/Users/ANEETA%20PETER/
Documents/study/laravel1/m
antra(php)/node_modules/vi
te/dist/node/chunks/config
.js:33665:7)
    at onLog (file:///C:/U
sers/ANEETA%20PETER/Docume
nts/study/laravel1/mantra(
php)/node_modules/vite/dis
t/node/chunks/config.js:33
467:4)
    at file:///C:/Users/AN
EETA%20PETER/Documents/stu
dy/laravel1/mantra(php)/no
de_modules/rollup/dist/es/
shared/node-entry.js:21037
:32
    at Object.logger [as 
onLog] (file:///C:/Users/A
NEETA%20PETER/Documents/st
udy/laravel1/mantra(php)/n
ode_modules/rollup/dist/es
/shared/node-entry.js:2292
4:9)
    at ModuleLoader.handle
InvalidResolvedId (file://
/C:/Users/ANEETA%20PETER/D
ocuments/study/laravel1/ma
ntra(php)/node_modules/rol
lup/dist/es/shared/node-en
try.js:21668:26)
    at file:///C:/Users/AN
EETA%20PETER/Documents/stu
dy/laravel1/mantra(php)/no
de_modules/rollup/dist/es/
shared/node-entry.js:21626
:26[39m
